PS C:\Users\yuuma\Downloads\test> git init
Initialized empty Git repository in C:/Users/yuuma/Downloads/test/.git/
PS C:\Users\yuuma\Downloads\test> mkdir git_challenge

    Directory: C:\Users\yuuma\Downloads\test

Mode                 LastWriteTime         Length Name
----                 -------------         ------ ----
d----          2025/03/21     3:46                git_challenge

PS C:\Users\yuuma\Downloads\test> cd git_challenge
PS C:\Users\yuuma\Downloads\test\git_challenge> "Hello, World!" > hello_world.txt
PS C:\Users\yuuma\Downloads\test\git_challenge> git add hello_world.txt
PS C:\Users\yuuma\Downloads\test\git_challenge> git commit -m "hello_world.txtを作成"
[main (root-commit) 26eeb82] hello_world.txtを作成
 1 file changed, 1 insertion(+)
 create mode 100644 git_challenge/hello_world.txt
PS C:\Users\yuuma\Downloads\test\git_challenge> code hello_world.txt
PS C:\Users\yuuma\Downloads\test\git_challenge> git add hello_world.txt
PS C:\Users\yuuma\Downloads\test\git_challenge> git commit -m "日本語訳を追記"       
[main 3c604c9] 日本語訳を追記
 1 file changed, 1 insertion(+)
PS C:\Users\yuuma\Downloads\test\git_challenge> git log --oneline
3c604c9 (HEAD -> main) 日本語訳を追記
26eeb82 hello_world.txtを作成